"","A","B","C","D","E"
"A",-0.0625,0.5,0.3125,0.4375,-0.5
"B",0.5,-0.142857142857,0.214285714286,0.0,-0.5
"C",0.5,0.388888888889,-0.166666666667,0.5,-0.5
"D",0.5,0.0,0.333333333333,-0.166666666667,-0.5
"E",-0.5,-0.357142857143,-0.214285714286,-0.285714285714,0.0
